error: #[display(transparent)] needs to go outside the enum or struct, not on an individual field
 --> tests/ui/bad-field-attr.rs:5:18
  |
5 | pub struct Error(#[display(transparent)] std::io::Error);
  |                  ^^^^^^^^^^^^^^^^^^^^^
